2026-07-25T11:54:04.821Z warn: Email not configured. Would have sent to faculty@mmdu.ac.in: [RPMS] Claim RPMS-2026-0003 — Approved by HOD
2026-07-25T11:54:04.929Z warn: Email not configured. Would have sent to hod@mmdu.ac.in: [RPMS] Claim RPMS-2026-0003 — Your Approval Processed
2026-07-25T15:39:04.875Z warn: Email not configured. Would have sent to faculty@mmdu.ac.in: [RPMS] Claim RPMS-2026-0004 — Approved by HOD
2026-07-25T15:39:05.207Z warn: Email not configured. Would have sent to hod@mmdu.ac.in: [RPMS] Claim RPMS-2026-0004 — Your Approval Processed
2026-07-25T15:39:27.735Z warn: Email not configured. Would have sent to faculty@mmdu.ac.in: [RPMS] Claim RPMS-2026-0004 — Approved by Principal
2026-07-25T15:39:27.981Z warn: Email not configured. Would have sent to principal@mmdu.ac.in: [RPMS] Claim RPMS-2026-0004 — Your Approval Processed
2026-07-25T16:07:27.178Z warn: No policy rule found for research_publications/journal_publication/OTHER
2026-07-25T16:07:29.058Z warn: Email not configured. Would have sent to faculty@mmdu.ac.in: [RPMS] Claim RPMS-2026-0004 — Approved by Director
2026-07-25T16:07:29.230Z warn: Email not configured. Would have sent to director@mmdu.ac.in: [RPMS] Claim RPMS-2026-0004 — Your Approval Processed
2026-07-25T16:08:59.763Z warn: Email not configured. Would have sent to faculty@mmdu.ac.in: [RPMS] Claim RPMS-2026-0004 — Payment Released ₹0
2026-07-25T17:07:39.661Z warn: Email not configured. Would have sent to faculty@mmdu.ac.in: [RPMS] Claim RPMS-2026-0005 — Approved by HOD
2026-07-25T17:07:40.023Z warn: Email not configured. Would have sent to hod@mmdu.ac.in: [RPMS] Claim RPMS-2026-0005 — Your Approval Processed
2026-07-25T17:08:06.633Z warn: Email not configured. Would have sent to faculty@mmdu.ac.in: [RPMS] Claim RPMS-2026-0005 — Approved by Principal
2026-07-25T17:08:06.801Z warn: Email not configured. Would have sent to principal@mmdu.ac.in: [RPMS] Claim RPMS-2026-0005 — Your Approval Processed
2026-07-25T17:08:46.730Z warn: No policy rule found for research_publications/journal_publication/OTHER
2026-07-25T17:08:48.718Z warn: Email not configured. Would have sent to faculty@mmdu.ac.in: [RPMS] Claim RPMS-2026-0005 — Approved by Director
2026-07-25T17:08:48.942Z warn: Email not configured. Would have sent to director@mmdu.ac.in: [RPMS] Claim RPMS-2026-0005 — Your Approval Processed
2026-07-25T17:09:21.852Z warn: Email not configured. Would have sent to faculty@mmdu.ac.in: [RPMS] Claim RPMS-2026-0005 — Payment Released ₹0
2026-07-29T19:44:19.063Z warn: Email not configured. Would have sent to priya.mehta@mmdu.ac.in: [RPMS] Claim RPMS-2026-0024 — Approved by Dr. Amit Verma
2026-07-29T19:44:19.152Z warn: Email not configured. Would have sent to amit.verma@mmdu.ac.in: [RPMS] Claim RPMS-2026-0024 — Your Approval Processed
2026-07-29T19:45:30.976Z warn: No policy rule found for research_publications/journal_publication/OTHER
2026-07-29T19:45:31.454Z warn: Email not configured. Would have sent to priya.mehta@mmdu.ac.in: [RPMS] Claim RPMS-2026-0024 — Approved by R&D Cell Coordinator
2026-07-29T19:45:31.533Z warn: Email not configured. Would have sent to rd@mmdu.ac.in: [RPMS] Claim RPMS-2026-0024 — Your Approval Processed
2026-08-03T14:56:22.452Z warn: Email not configured. Would have sent to priya.mehta@mmdu.ac.in: [RPMS] Claim RPMS-2026-0025 — Approved by Dr. Amit Verma
2026-08-03T14:56:22.534Z warn: Email not configured. Would have sent to amit.verma@mmdu.ac.in: [RPMS] Claim RPMS-2026-0025 — Your Approval Processed
2026-08-03T14:56:22.912Z warn: No policy rule found for research_publications/journal/OTHER
2026-08-03T14:56:23.390Z warn: Email not configured. Would have sent to priya.mehta@mmdu.ac.in: [RPMS] Claim RPMS-2026-0025 — Approved by RPC Cell Coordinator
2026-08-03T14:56:23.472Z warn: Email not configured. Would have sent to rpc@mmdu.ac.in: [RPMS] Claim RPMS-2026-0025 — Your Approval Processed
2026-08-03T14:56:24.127Z warn: Email not configured. Would have sent to priya.mehta@mmdu.ac.in: [RPMS] Claim RPMS-2026-0026 — Approved by Dr. Amit Verma
2026-08-03T14:56:24.201Z warn: Email not configured. Would have sent to amit.verma@mmdu.ac.in: [RPMS] Claim RPMS-2026-0026 — Your Approval Processed
2026-08-03T14:56:24.572Z warn: No policy rule found for research_publications/journal/OTHER
2026-08-03T14:56:25.095Z warn: Email not configured. Would have sent to priya.mehta@mmdu.ac.in: [RPMS] Claim RPMS-2026-0026 — Approved by RPC Cell Coordinator
2026-08-03T14:56:25.169Z warn: Email not configured. Would have sent to rpc@mmdu.ac.in: [RPMS] Claim RPMS-2026-0026 — Your Approval Processed
2026-08-03T14:56:25.911Z warn: Email not configured. Would have sent to priya.mehta@mmdu.ac.in: [RPMS] Claim RPMS-2026-0027 — Approved by Dr. Amit Verma
2026-08-03T14:56:25.983Z warn: Email not configured. Would have sent to amit.verma@mmdu.ac.in: [RPMS] Claim RPMS-2026-0027 — Your Approval Processed
2026-08-03T14:56:26.326Z warn: No policy rule found for patents/patent/OTHER
2026-08-03T14:56:26.834Z warn: Email not configured. Would have sent to priya.mehta@mmdu.ac.in: [RPMS] Claim RPMS-2026-0027 — Approved by RPC Cell Coordinator
2026-08-03T14:56:26.910Z warn: Email not configured. Would have sent to rpc@mmdu.ac.in: [RPMS] Claim RPMS-2026-0027 — Your Approval Processed
2026-08-03T14:57:21.653Z warn: Email not configured. Would have sent to priya.mehta@mmdu.ac.in: [RPMS] Claim RPMS-2026-0028 — Approved by Dr. Amit Verma
2026-08-03T14:57:21.732Z warn: Email not configured. Would have sent to amit.verma@mmdu.ac.in: [RPMS] Claim RPMS-2026-0028 — Your Approval Processed
2026-08-03T14:57:22.076Z warn: No policy rule found for research_publications/journal/OTHER
2026-08-03T14:57:22.600Z warn: Email not configured. Would have sent to priya.mehta@mmdu.ac.in: [RPMS] Claim RPMS-2026-0028 — Approved by RPC Cell Coordinator
2026-08-03T14:57:22.672Z warn: Email not configured. Would have sent to rpc@mmdu.ac.in: [RPMS] Claim RPMS-2026-0028 — Your Approval Processed
2026-08-03T15:04:09.475Z warn: Email not configured. Would have sent to priya.mehta@mmdu.ac.in: [RPMS] Claim RPMS-2026-0029 — Approved by Dr. Amit Verma
2026-08-03T15:04:09.548Z warn: Email not configured. Would have sent to amit.verma@mmdu.ac.in: [RPMS] Claim RPMS-2026-0029 — Your Approval Processed
2026-08-03T15:04:10.384Z warn: Email not configured. Would have sent to priya.mehta@mmdu.ac.in: [RPMS] Claim RPMS-2026-0029 — Approved by RPC Cell Coordinator
2026-08-03T15:04:10.462Z warn: Email not configured. Would have sent to rpc@mmdu.ac.in: [RPMS] Claim RPMS-2026-0029 — Your Approval Processed
2026-08-03T15:04:24.410Z warn: Email not configured. Would have sent to priya.mehta@mmdu.ac.in: [RPMS] Claim RPMS-2026-0030 — Approved by Dr. Amit Verma
2026-08-03T15:04:24.494Z warn: Email not configured. Would have sent to amit.verma@mmdu.ac.in: [RPMS] Claim RPMS-2026-0030 — Your Approval Processed
2026-08-03T15:04:25.345Z warn: Email not configured. Would have sent to priya.mehta@mmdu.ac.in: [RPMS] Claim RPMS-2026-0030 — Approved by RPC Cell Coordinator
2026-08-03T15:04:25.417Z warn: Email not configured. Would have sent to rpc@mmdu.ac.in: [RPMS] Claim RPMS-2026-0030 — Your Approval Processed
2026-08-03T15:04:26.413Z warn: Email not configured. Would have sent to priya.mehta@mmdu.ac.in: [RPMS] Claim RPMS-2026-0031 — Approved by Dr. Amit Verma
2026-08-03T15:04:26.490Z warn: Email not configured. Would have sent to amit.verma@mmdu.ac.in: [RPMS] Claim RPMS-2026-0031 — Your Approval Processed
2026-08-03T15:04:27.403Z warn: Email not configured. Would have sent to priya.mehta@mmdu.ac.in: [RPMS] Claim RPMS-2026-0031 — Approved by RPC Cell Coordinator
2026-08-03T15:04:27.480Z warn: Email not configured. Would have sent to rpc@mmdu.ac.in: [RPMS] Claim RPMS-2026-0031 — Your Approval Processed
2026-08-03T15:04:28.425Z warn: Email not configured. Would have sent to priya.mehta@mmdu.ac.in: [RPMS] Claim RPMS-2026-0032 — Approved by Dr. Amit Verma
2026-08-03T15:04:28.498Z warn: Email not configured. Would have sent to amit.verma@mmdu.ac.in: [RPMS] Claim RPMS-2026-0032 — Your Approval Processed
2026-08-03T15:04:29.328Z warn: Email not configured. Would have sent to priya.mehta@mmdu.ac.in: [RPMS] Claim RPMS-2026-0032 — Approved by RPC Cell Coordinator
2026-08-03T15:04:29.404Z warn: Email not configured. Would have sent to rpc@mmdu.ac.in: [RPMS] Claim RPMS-2026-0032 — Your Approval Processed
2026-08-03T15:04:30.386Z warn: Email not configured. Would have sent to priya.mehta@mmdu.ac.in: [RPMS] Claim RPMS-2026-0033 — Approved by Dr. Amit Verma
2026-08-03T15:04:30.464Z warn: Email not configured. Would have sent to amit.verma@mmdu.ac.in: [RPMS] Claim RPMS-2026-0033 — Your Approval Processed
2026-08-03T15:04:31.357Z warn: Email not configured. Would have sent to priya.mehta@mmdu.ac.in: [RPMS] Claim RPMS-2026-0033 — Approved by RPC Cell Coordinator
2026-08-03T15:04:31.430Z warn: Email not configured. Would have sent to rpc@mmdu.ac.in: [RPMS] Claim RPMS-2026-0033 — Your Approval Processed
2026-08-03T15:12:22.008Z warn: Email not configured. Would have sent to rahul.sharma@mmdu.ac.in: [RPMS] Claim RPMS-2026-0034 — Approved by Dr. Amit Verma
2026-08-03T15:12:22.093Z warn: Email not configured. Would have sent to amit.verma@mmdu.ac.in: [RPMS] Claim RPMS-2026-0034 — Your Approval Processed
2026-08-03T15:12:22.966Z warn: Email not configured. Would have sent to rahul.sharma@mmdu.ac.in: [RPMS] Claim RPMS-2026-0034 — Approved by RPC Cell Coordinator
2026-08-03T15:12:23.040Z warn: Email not configured. Would have sent to rpc@mmdu.ac.in: [RPMS] Claim RPMS-2026-0034 — Your Approval Processed
2026-08-03T15:12:23.964Z warn: Email not configured. Would have sent to rahul.sharma@mmdu.ac.in: [RPMS] Claim RPMS-2026-0035 — Approved by Dr. Amit Verma
2026-08-03T15:12:24.043Z warn: Email not configured. Would have sent to amit.verma@mmdu.ac.in: [RPMS] Claim RPMS-2026-0035 — Your Approval Processed
2026-08-03T15:12:24.947Z warn: Email not configured. Would have sent to rahul.sharma@mmdu.ac.in: [RPMS] Claim RPMS-2026-0035 — Approved by RPC Cell Coordinator
2026-08-03T15:12:25.019Z warn: Email not configured. Would have sent to rpc@mmdu.ac.in: [RPMS] Claim RPMS-2026-0035 — Your Approval Processed
2026-08-03T15:12:25.876Z warn: Email not configured. Would have sent to pooja.sharma@mmdu.ac.in: [RPMS] Claim RPMS-2026-0036 — Approved by Dr. Amit Verma
2026-08-03T15:12:25.949Z warn: Email not configured. Would have sent to amit.verma@mmdu.ac.in: [RPMS] Claim RPMS-2026-0036 — Your Approval Processed
2026-08-03T15:12:26.830Z warn: Email not configured. Would have sent to pooja.sharma@mmdu.ac.in: [RPMS] Claim RPMS-2026-0036 — Approved by RPC Cell Coordinator
2026-08-03T15:12:26.898Z warn: Email not configured. Would have sent to rpc@mmdu.ac.in: [RPMS] Claim RPMS-2026-0036 — Your Approval Processed
2026-08-03T15:12:27.772Z warn: Email not configured. Would have sent to pooja.sharma@mmdu.ac.in: [RPMS] Claim RPMS-2026-0037 — Approved by Dr. Amit Verma
2026-08-03T15:12:27.843Z warn: Email not configured. Would have sent to amit.verma@mmdu.ac.in: [RPMS] Claim RPMS-2026-0037 — Your Approval Processed
2026-08-03T15:12:28.725Z warn: Email not configured. Would have sent to pooja.sharma@mmdu.ac.in: [RPMS] Claim RPMS-2026-0037 — Approved by RPC Cell Coordinator
2026-08-03T15:12:28.800Z warn: Email not configured. Would have sent to rpc@mmdu.ac.in: [RPMS] Claim RPMS-2026-0037 — Your Approval Processed
2026-08-03T15:19:15.005Z warn: Email not configured. Would have sent to pooja.sharma@mmdu.ac.in: [RPMS] Claim RPMS-2026-0038 — Approved by Dr. Amit Verma
2026-08-03T15:19:15.087Z warn: Email not configured. Would have sent to amit.verma@mmdu.ac.in: [RPMS] Claim RPMS-2026-0038 — Your Approval Processed
2026-08-03T15:19:16.012Z warn: Email not configured. Would have sent to pooja.sharma@mmdu.ac.in: [RPMS] Claim RPMS-2026-0038 — Approved by RPC Cell Coordinator
2026-08-03T15:19:16.091Z warn: Email not configured. Would have sent to rpc@mmdu.ac.in: [RPMS] Claim RPMS-2026-0038 — Your Approval Processed
2026-08-03T15:19:17.067Z warn: Email not configured. Would have sent to pooja.sharma@mmdu.ac.in: [RPMS] Claim RPMS-2026-0039 — Approved by Dr. Amit Verma
2026-08-03T15:19:17.141Z warn: Email not configured. Would have sent to amit.verma@mmdu.ac.in: [RPMS] Claim RPMS-2026-0039 — Your Approval Processed
2026-08-03T15:19:18.038Z warn: Email not configured. Would have sent to pooja.sharma@mmdu.ac.in: [RPMS] Claim RPMS-2026-0039 — Approved by RPC Cell Coordinator
2026-08-03T15:19:18.123Z warn: Email not configured. Would have sent to rpc@mmdu.ac.in: [RPMS] Claim RPMS-2026-0039 — Your Approval Processed
2026-08-03T16:59:41.454Z warn: Email not configured. Would have sent to vishal.gupta@mmdu.ac.in: [RPMS] Claim RPMS-2026-0040 — Approved by Dr. Amit Verma
2026-08-03T16:59:41.535Z warn: Email not configured. Would have sent to amit.verma@mmdu.ac.in: [RPMS] Claim RPMS-2026-0040 — Your Approval Processed
2026-08-03T16:59:41.909Z warn: No policy rule found for conferences/conference/IEEE_ACM_SCOPUS
2026-08-03T16:59:42.390Z warn: Email not configured. Would have sent to vishal.gupta@mmdu.ac.in: [RPMS] Claim RPMS-2026-0040 — Approved by RPC Cell Coordinator
2026-08-03T16:59:42.466Z warn: Email not configured. Would have sent to rpc@mmdu.ac.in: [RPMS] Claim RPMS-2026-0040 — Your Approval Processed
2026-08-03T17:00:02.541Z warn: Email not configured. Would have sent to vishal.gupta@mmdu.ac.in: [RPMS] Claim RPMS-2026-0041 — Approved by Dr. Amit Verma
2026-08-03T17:00:02.628Z warn: Email not configured. Would have sent to amit.verma@mmdu.ac.in: [RPMS] Claim RPMS-2026-0041 — Your Approval Processed
2026-08-03T17:00:03.530Z warn: Email not configured. Would have sent to vishal.gupta@mmdu.ac.in: [RPMS] Claim RPMS-2026-0041 — Approved by RPC Cell Coordinator
2026-08-03T17:00:03.630Z warn: Email not configured. Would have sent to rpc@mmdu.ac.in: [RPMS] Claim RPMS-2026-0041 — Your Approval Processed
2026-08-03T17:13:18.749Z warn: Email not configured. Would have sent to priya.mehta@mmdu.ac.in: [RPMS] Claim RPMS-2026-0042 — Approved by Dr. Amit Verma
2026-08-03T17:13:18.828Z warn: Email not configured. Would have sent to amit.verma@mmdu.ac.in: [RPMS] Claim RPMS-2026-0042 — Your Approval Processed
2026-08-03T17:13:19.695Z warn: Email not configured. Would have sent to priya.mehta@mmdu.ac.in: [RPMS] Claim RPMS-2026-0042 — Approved by RPC Cell Coordinator
2026-08-03T17:13:19.777Z warn: Email not configured. Would have sent to rpc@mmdu.ac.in: [RPMS] Claim RPMS-2026-0042 — Your Approval Processed
2026-08-03T17:13:20.471Z warn: Email not configured. Would have sent to priya.mehta@mmdu.ac.in: [RPMS] Claim RPMS-2026-0043 — Approved by Dr. Amit Verma
2026-08-03T17:13:20.544Z warn: Email not configured. Would have sent to amit.verma@mmdu.ac.in: [RPMS] Claim RPMS-2026-0043 — Your Approval Processed
2026-08-03T17:13:21.403Z warn: Email not configured. Would have sent to priya.mehta@mmdu.ac.in: [RPMS] Claim RPMS-2026-0043 — Approved by RPC Cell Coordinator
2026-08-03T17:13:21.480Z warn: Email not configured. Would have sent to rpc@mmdu.ac.in: [RPMS] Claim RPMS-2026-0043 — Your Approval Processed
2026-08-03T17:13:22.191Z warn: Email not configured. Would have sent to priya.mehta@mmdu.ac.in: [RPMS] Claim RPMS-2026-0044 — Approved by Dr. Amit Verma
2026-08-03T17:13:22.262Z warn: Email not configured. Would have sent to amit.verma@mmdu.ac.in: [RPMS] Claim RPMS-2026-0044 — Your Approval Processed
2026-08-03T17:13:23.074Z warn: Email not configured. Would have sent to priya.mehta@mmdu.ac.in: [RPMS] Claim RPMS-2026-0044 — Approved by RPC Cell Coordinator
2026-08-03T17:13:23.142Z warn: Email not configured. Would have sent to rpc@mmdu.ac.in: [RPMS] Claim RPMS-2026-0044 — Your Approval Processed
2026-08-03T17:13:23.832Z warn: Email not configured. Would have sent to priya.mehta@mmdu.ac.in: [RPMS] Claim RPMS-2026-0045 — Approved by Dr. Amit Verma
2026-08-03T17:13:23.901Z warn: Email not configured. Would have sent to amit.verma@mmdu.ac.in: [RPMS] Claim RPMS-2026-0045 — Your Approval Processed
2026-08-03T17:13:24.704Z warn: Email not configured. Would have sent to priya.mehta@mmdu.ac.in: [RPMS] Claim RPMS-2026-0045 — Approved by RPC Cell Coordinator
2026-08-03T17:13:24.781Z warn: Email not configured. Would have sent to rpc@mmdu.ac.in: [RPMS] Claim RPMS-2026-0045 — Your Approval Processed
2026-08-03T17:13:25.483Z warn: Email not configured. Would have sent to priya.mehta@mmdu.ac.in: [RPMS] Claim RPMS-2026-0046 — Approved by Dr. Amit Verma
2026-08-03T17:13:25.554Z warn: Email not configured. Would have sent to amit.verma@mmdu.ac.in: [RPMS] Claim RPMS-2026-0046 — Your Approval Processed
2026-08-03T17:13:26.346Z warn: Email not configured. Would have sent to priya.mehta@mmdu.ac.in: [RPMS] Claim RPMS-2026-0046 — Approved by RPC Cell Coordinator
2026-08-03T17:13:26.414Z warn: Email not configured. Would have sent to rpc@mmdu.ac.in: [RPMS] Claim RPMS-2026-0046 — Your Approval Processed
2026-08-03T17:13:27.103Z warn: Email not configured. Would have sent to priya.mehta@mmdu.ac.in: [RPMS] Claim RPMS-2026-0047 — Approved by Dr. Amit Verma
2026-08-03T17:13:27.171Z warn: Email not configured. Would have sent to amit.verma@mmdu.ac.in: [RPMS] Claim RPMS-2026-0047 — Your Approval Processed
2026-08-03T17:13:27.960Z warn: Email not configured. Would have sent to priya.mehta@mmdu.ac.in: [RPMS] Claim RPMS-2026-0047 — Approved by RPC Cell Coordinator
2026-08-03T17:13:28.028Z warn: Email not configured. Would have sent to rpc@mmdu.ac.in: [RPMS] Claim RPMS-2026-0047 — Your Approval Processed
2026-08-03T17:13:29.341Z warn: Email not configured. Would have sent to priya.mehta@mmdu.ac.in: [RPMS] Claim RPMS-2026-0048 — Approved by Dr. Amit Verma
2026-08-03T17:13:29.428Z warn: Email not configured. Would have sent to amit.verma@mmdu.ac.in: [RPMS] Claim RPMS-2026-0048 — Your Approval Processed
2026-08-03T17:13:31.017Z warn: Email not configured. Would have sent to priya.mehta@mmdu.ac.in: [RPMS] Claim RPMS-2026-0048 — Approved by RPC Cell Coordinator
2026-08-03T17:13:31.820Z warn: Email not configured. Would have sent to rpc@mmdu.ac.in: [RPMS] Claim RPMS-2026-0048 — Your Approval Processed
2026-08-03T17:15:33.466Z warn: Email not configured. Would have sent to priya.mehta@mmdu.ac.in: [RPMS] Claim RPMS-2026-0051 — Approved by Dr. Amit Verma
2026-08-03T17:15:33.562Z warn: Email not configured. Would have sent to amit.verma@mmdu.ac.in: [RPMS] Claim RPMS-2026-0051 — Your Approval Processed
2026-08-03T17:15:34.880Z warn: Email not configured. Would have sent to priya.mehta@mmdu.ac.in: [RPMS] Claim RPMS-2026-0051 — Approved by RPC Cell Coordinator
2026-08-03T17:15:35.053Z warn: Email not configured. Would have sent to rpc@mmdu.ac.in: [RPMS] Claim RPMS-2026-0051 — Your Approval Processed
2026-08-03T17:15:36.121Z warn: Email not configured. Would have sent to priya.mehta@mmdu.ac.in: [RPMS] Claim RPMS-2026-0052 — Approved by Dr. Amit Verma
2026-08-03T17:15:36.200Z warn: Email not configured. Would have sent to amit.verma@mmdu.ac.in: [RPMS] Claim RPMS-2026-0052 — Your Approval Processed
2026-08-03T17:15:37.312Z warn: Email not configured. Would have sent to priya.mehta@mmdu.ac.in: [RPMS] Claim RPMS-2026-0052 — Approved by RPC Cell Coordinator
2026-08-03T17:15:37.392Z warn: Email not configured. Would have sent to rpc@mmdu.ac.in: [RPMS] Claim RPMS-2026-0052 — Your Approval Processed
2026-08-03T17:15:38.919Z warn: Email not configured. Would have sent to priya.mehta@mmdu.ac.in: [RPMS] Claim RPMS-2026-0053 — Approved by Dr. Amit Verma
2026-08-03T17:15:39.031Z warn: Email not configured. Would have sent to amit.verma@mmdu.ac.in: [RPMS] Claim RPMS-2026-0053 — Your Approval Processed
2026-08-03T17:15:40.326Z warn: Email not configured. Would have sent to priya.mehta@mmdu.ac.in: [RPMS] Claim RPMS-2026-0053 — Approved by RPC Cell Coordinator
2026-08-03T17:15:40.415Z warn: Email not configured. Would have sent to rpc@mmdu.ac.in: [RPMS] Claim RPMS-2026-0053 — Your Approval Processed
2026-08-03T17:15:41.556Z warn: Email not configured. Would have sent to priya.mehta@mmdu.ac.in: [RPMS] Claim RPMS-2026-0054 — Approved by Dr. Amit Verma
2026-08-03T17:15:41.641Z warn: Email not configured. Would have sent to amit.verma@mmdu.ac.in: [RPMS] Claim RPMS-2026-0054 — Your Approval Processed
2026-08-03T17:15:42.530Z warn: Email not configured. Would have sent to priya.mehta@mmdu.ac.in: [RPMS] Claim RPMS-2026-0054 — Approved by RPC Cell Coordinator
2026-08-03T17:15:42.618Z warn: Email not configured. Would have sent to rpc@mmdu.ac.in: [RPMS] Claim RPMS-2026-0054 — Your Approval Processed
2026-08-03T17:15:43.438Z warn: Email not configured. Would have sent to priya.mehta@mmdu.ac.in: [RPMS] Claim RPMS-2026-0055 — Approved by Dr. Amit Verma
2026-08-03T17:15:43.519Z warn: Email not configured. Would have sent to amit.verma@mmdu.ac.in: [RPMS] Claim RPMS-2026-0055 — Your Approval Processed
2026-08-03T17:15:44.419Z warn: Email not configured. Would have sent to priya.mehta@mmdu.ac.in: [RPMS] Claim RPMS-2026-0055 — Approved by RPC Cell Coordinator
2026-08-03T17:15:44.519Z warn: Email not configured. Would have sent to rpc@mmdu.ac.in: [RPMS] Claim RPMS-2026-0055 — Your Approval Processed
2026-08-03T17:15:45.362Z warn: Email not configured. Would have sent to priya.mehta@mmdu.ac.in: [RPMS] Claim RPMS-2026-0056 — Approved by Dr. Amit Verma
2026-08-03T17:15:45.446Z warn: Email not configured. Would have sent to amit.verma@mmdu.ac.in: [RPMS] Claim RPMS-2026-0056 — Your Approval Processed
2026-08-03T17:15:46.300Z warn: Email not configured. Would have sent to priya.mehta@mmdu.ac.in: [RPMS] Claim RPMS-2026-0056 — Approved by RPC Cell Coordinator
2026-08-03T17:15:46.380Z warn: Email not configured. Would have sent to rpc@mmdu.ac.in: [RPMS] Claim RPMS-2026-0056 — Your Approval Processed
2026-08-03T17:15:47.176Z warn: Email not configured. Would have sent to priya.mehta@mmdu.ac.in: [RPMS] Claim RPMS-2026-0057 — Approved by Dr. Amit Verma
2026-08-03T17:15:47.262Z warn: Email not configured. Would have sent to amit.verma@mmdu.ac.in: [RPMS] Claim RPMS-2026-0057 — Your Approval Processed
2026-08-03T17:15:48.245Z warn: Email not configured. Would have sent to priya.mehta@mmdu.ac.in: [RPMS] Claim RPMS-2026-0057 — Approved by RPC Cell Coordinator
2026-08-03T17:15:48.330Z warn: Email not configured. Would have sent to rpc@mmdu.ac.in: [RPMS] Claim RPMS-2026-0057 — Your Approval Processed
2026-08-03T17:15:49.529Z warn: Email not configured. Would have sent to pooja.sharma@mmdu.ac.in: [RPMS] Claim RPMS-2026-0059 — Approved by Dr. Amit Verma
2026-08-03T17:15:49.607Z warn: Email not configured. Would have sent to amit.verma@mmdu.ac.in: [RPMS] Claim RPMS-2026-0059 — Your Approval Processed
2026-08-03T17:15:50.467Z warn: Email not configured. Would have sent to pooja.sharma@mmdu.ac.in: [RPMS] Claim RPMS-2026-0059 — Approved by RPC Cell Coordinator
2026-08-03T17:15:50.542Z warn: Email not configured. Would have sent to rpc@mmdu.ac.in: [RPMS] Claim RPMS-2026-0059 — Your Approval Processed
2026-08-03T17:15:51.451Z warn: Email not configured. Would have sent to pooja.sharma@mmdu.ac.in: [RPMS] Claim RPMS-2026-0060 — Approved by Dr. Amit Verma
2026-08-03T17:15:51.528Z warn: Email not configured. Would have sent to amit.verma@mmdu.ac.in: [RPMS] Claim RPMS-2026-0060 — Your Approval Processed
2026-08-03T17:15:52.516Z warn: Email not configured. Would have sent to pooja.sharma@mmdu.ac.in: [RPMS] Claim RPMS-2026-0060 — Approved by RPC Cell Coordinator
2026-08-03T17:15:52.619Z warn: Email not configured. Would have sent to rpc@mmdu.ac.in: [RPMS] Claim RPMS-2026-0060 — Your Approval Processed
2026-08-03T17:15:54.243Z warn: Email not configured. Would have sent to priya.mehta@mmdu.ac.in: [RPMS] Claim RPMS-2026-0061 — Rejected by Dr. Amit Verma
2026-08-03T17:15:55.716Z warn: Email not configured. Would have sent to priya.mehta@mmdu.ac.in: [RPMS] Claim RPMS-2026-0063 — Returned for Correction
2026-08-03T17:15:57.121Z warn: Email not configured. Would have sent to priya.mehta@mmdu.ac.in: [RPMS] Claim RPMS-2026-0065 — Approved by Dr. Amit Verma
2026-08-03T17:15:57.209Z warn: Email not configured. Would have sent to amit.verma@mmdu.ac.in: [RPMS] Claim RPMS-2026-0065 — Your Approval Processed
2026-08-03T17:15:57.719Z warn: No policy rule found for research_publications/journal/OTHER
2026-08-03T17:15:58.242Z warn: Email not configured. Would have sent to priya.mehta@mmdu.ac.in: [RPMS] Claim RPMS-2026-0065 — Approved by RPC Cell Coordinator
2026-08-03T17:15:58.321Z warn: Email not configured. Would have sent to rpc@mmdu.ac.in: [RPMS] Claim RPMS-2026-0065 — Your Approval Processed
2026-08-03T17:20:17.424Z warn: Email not configured. Would have sent to priya.mehta@mmdu.ac.in: [RPMS] Claim RPMS-2026-0066 — Approved by Dr. Amit Verma
2026-08-03T17:20:17.510Z warn: Email not configured. Would have sent to amit.verma@mmdu.ac.in: [RPMS] Claim RPMS-2026-0066 — Your Approval Processed
2026-08-03T17:20:18.508Z warn: Email not configured. Would have sent to priya.mehta@mmdu.ac.in: [RPMS] Claim RPMS-2026-0066 — Approved by RPC Cell Coordinator
2026-08-03T17:20:18.601Z warn: Email not configured. Would have sent to rpc@mmdu.ac.in: [RPMS] Claim RPMS-2026-0066 — Your Approval Processed
2026-08-03T17:20:19.763Z warn: Email not configured. Would have sent to priya.mehta@mmdu.ac.in: [RPMS] Claim RPMS-2026-0067 — Approved by Dr. Amit Verma
2026-08-03T17:20:19.844Z warn: Email not configured. Would have sent to amit.verma@mmdu.ac.in: [RPMS] Claim RPMS-2026-0067 — Your Approval Processed
2026-08-03T17:20:20.828Z warn: Email not configured. Would have sent to priya.mehta@mmdu.ac.in: [RPMS] Claim RPMS-2026-0067 — Approved by RPC Cell Coordinator
2026-08-03T17:20:20.907Z warn: Email not configured. Would have sent to rpc@mmdu.ac.in: [RPMS] Claim RPMS-2026-0067 — Your Approval Processed
2026-08-03T17:20:22.011Z warn: Email not configured. Would have sent to priya.mehta@mmdu.ac.in: [RPMS] Claim RPMS-2026-0068 — Approved by Dr. Amit Verma
2026-08-03T17:20:22.124Z warn: Email not configured. Would have sent to amit.verma@mmdu.ac.in: [RPMS] Claim RPMS-2026-0068 — Your Approval Processed
2026-08-03T17:20:23.030Z warn: Email not configured. Would have sent to priya.mehta@mmdu.ac.in: [RPMS] Claim RPMS-2026-0068 — Approved by RPC Cell Coordinator
2026-08-03T17:20:23.108Z warn: Email not configured. Would have sent to rpc@mmdu.ac.in: [RPMS] Claim RPMS-2026-0068 — Your Approval Processed
2026-08-03T17:20:24.207Z warn: Email not configured. Would have sent to priya.mehta@mmdu.ac.in: [RPMS] Claim RPMS-2026-0069 — Approved by Dr. Amit Verma
2026-08-03T17:20:24.293Z warn: Email not configured. Would have sent to amit.verma@mmdu.ac.in: [RPMS] Claim RPMS-2026-0069 — Your Approval Processed
2026-08-03T17:20:25.222Z warn: Email not configured. Would have sent to priya.mehta@mmdu.ac.in: [RPMS] Claim RPMS-2026-0069 — Approved by RPC Cell Coordinator
2026-08-03T17:20:25.316Z warn: Email not configured. Would have sent to rpc@mmdu.ac.in: [RPMS] Claim RPMS-2026-0069 — Your Approval Processed
2026-08-03T17:20:26.463Z warn: Email not configured. Would have sent to priya.mehta@mmdu.ac.in: [RPMS] Claim RPMS-2026-0070 — Approved by Dr. Amit Verma
2026-08-03T17:20:26.543Z warn: Email not configured. Would have sent to amit.verma@mmdu.ac.in: [RPMS] Claim RPMS-2026-0070 — Your Approval Processed
2026-08-03T17:20:27.404Z warn: Email not configured. Would have sent to priya.mehta@mmdu.ac.in: [RPMS] Claim RPMS-2026-0070 — Approved by RPC Cell Coordinator
2026-08-03T17:20:27.482Z warn: Email not configured. Would have sent to rpc@mmdu.ac.in: [RPMS] Claim RPMS-2026-0070 — Your Approval Processed
2026-08-03T17:20:28.611Z warn: Email not configured. Would have sent to priya.mehta@mmdu.ac.in: [RPMS] Claim RPMS-2026-0071 — Approved by Dr. Amit Verma
2026-08-03T17:20:28.690Z warn: Email not configured. Would have sent to amit.verma@mmdu.ac.in: [RPMS] Claim RPMS-2026-0071 — Your Approval Processed
2026-08-03T17:20:29.626Z warn: Email not configured. Would have sent to priya.mehta@mmdu.ac.in: [RPMS] Claim RPMS-2026-0071 — Approved by RPC Cell Coordinator
2026-08-03T17:20:29.711Z warn: Email not configured. Would have sent to rpc@mmdu.ac.in: [RPMS] Claim RPMS-2026-0071 — Your Approval Processed
2026-08-03T17:20:30.848Z warn: Email not configured. Would have sent to priya.mehta@mmdu.ac.in: [RPMS] Claim RPMS-2026-0072 — Approved by Dr. Amit Verma
2026-08-03T17:20:30.930Z warn: Email not configured. Would have sent to amit.verma@mmdu.ac.in: [RPMS] Claim RPMS-2026-0072 — Your Approval Processed
2026-08-03T17:20:31.854Z warn: Email not configured. Would have sent to priya.mehta@mmdu.ac.in: [RPMS] Claim RPMS-2026-0072 — Approved by RPC Cell Coordinator
2026-08-03T17:20:31.931Z warn: Email not configured. Would have sent to rpc@mmdu.ac.in: [RPMS] Claim RPMS-2026-0072 — Your Approval Processed
2026-08-03T17:20:33.195Z warn: Email not configured. Would have sent to pooja.sharma@mmdu.ac.in: [RPMS] Claim RPMS-2026-0074 — Approved by Dr. Amit Verma
2026-08-03T17:20:33.278Z warn: Email not configured. Would have sent to amit.verma@mmdu.ac.in: [RPMS] Claim RPMS-2026-0074 — Your Approval Processed
2026-08-03T17:20:34.167Z warn: Email not configured. Would have sent to pooja.sharma@mmdu.ac.in: [RPMS] Claim RPMS-2026-0074 — Approved by RPC Cell Coordinator
2026-08-03T17:20:34.254Z warn: Email not configured. Would have sent to rpc@mmdu.ac.in: [RPMS] Claim RPMS-2026-0074 — Your Approval Processed
2026-08-03T17:20:35.171Z warn: Email not configured. Would have sent to pooja.sharma@mmdu.ac.in: [RPMS] Claim RPMS-2026-0075 — Approved by Dr. Amit Verma
2026-08-03T17:20:35.272Z warn: Email not configured. Would have sent to amit.verma@mmdu.ac.in: [RPMS] Claim RPMS-2026-0075 — Your Approval Processed
2026-08-03T17:20:36.258Z warn: Email not configured. Would have sent to pooja.sharma@mmdu.ac.in: [RPMS] Claim RPMS-2026-0075 — Approved by RPC Cell Coordinator
2026-08-03T17:20:36.339Z warn: Email not configured. Would have sent to rpc@mmdu.ac.in: [RPMS] Claim RPMS-2026-0075 — Your Approval Processed
2026-08-03T17:20:37.377Z warn: Email not configured. Would have sent to priya.mehta@mmdu.ac.in: [RPMS] Claim RPMS-2026-0076 — Rejected by Dr. Amit Verma
2026-08-03T17:20:38.711Z warn: Email not configured. Would have sent to priya.mehta@mmdu.ac.in: [RPMS] Claim RPMS-2026-0078 — Returned for Correction
2026-08-03T17:20:40.343Z warn: Email not configured. Would have sent to priya.mehta@mmdu.ac.in: [RPMS] Claim RPMS-2026-0080 — Approved by Dr. Amit Verma
2026-08-03T17:20:40.420Z warn: Email not configured. Would have sent to amit.verma@mmdu.ac.in: [RPMS] Claim RPMS-2026-0080 — Your Approval Processed
2026-08-03T17:20:40.930Z warn: No policy rule found for research_publications/journal/OTHER
2026-08-03T17:20:41.476Z warn: Email not configured. Would have sent to priya.mehta@mmdu.ac.in: [RPMS] Claim RPMS-2026-0080 — Approved by RPC Cell Coordinator
2026-08-03T17:20:41.551Z warn: Email not configured. Would have sent to rpc@mmdu.ac.in: [RPMS] Claim RPMS-2026-0080 — Your Approval Processed
2026-08-03T17:48:39.099Z warn: Email not configured. Would have sent to priya.mehta@mmdu.ac.in: [RPMS] Claim RPMS-2026-0081 — Approved by Dr. Amit Verma
2026-08-03T17:48:39.193Z warn: Email not configured. Would have sent to amit.verma@mmdu.ac.in: [RPMS] Claim RPMS-2026-0081 — Your Approval Processed
2026-08-03T17:48:40.192Z warn: Email not configured. Would have sent to priya.mehta@mmdu.ac.in: [RPMS] Claim RPMS-2026-0081 — Approved by RPC Cell Coordinator
2026-08-03T17:48:40.265Z warn: Email not configured. Would have sent to rpc@mmdu.ac.in: [RPMS] Claim RPMS-2026-0081 — Your Approval Processed
2026-08-03T17:48:41.387Z warn: Email not configured. Would have sent to priya.mehta@mmdu.ac.in: [RPMS] Claim RPMS-2026-0082 — Approved by Dr. Amit Verma
2026-08-03T17:48:41.466Z warn: Email not configured. Would have sent to amit.verma@mmdu.ac.in: [RPMS] Claim RPMS-2026-0082 — Your Approval Processed
2026-08-03T17:48:42.419Z warn: Email not configured. Would have sent to priya.mehta@mmdu.ac.in: [RPMS] Claim RPMS-2026-0082 — Approved by RPC Cell Coordinator
2026-08-03T17:48:42.504Z warn: Email not configured. Would have sent to rpc@mmdu.ac.in: [RPMS] Claim RPMS-2026-0082 — Your Approval Processed
2026-08-03T17:48:43.591Z warn: Email not configured. Would have sent to priya.mehta@mmdu.ac.in: [RPMS] Claim RPMS-2026-0083 — Approved by Dr. Amit Verma
2026-08-03T17:48:43.671Z warn: Email not configured. Would have sent to amit.verma@mmdu.ac.in: [RPMS] Claim RPMS-2026-0083 — Your Approval Processed
2026-08-03T17:48:44.581Z warn: Email not configured. Would have sent to priya.mehta@mmdu.ac.in: [RPMS] Claim RPMS-2026-0083 — Approved by RPC Cell Coordinator
2026-08-03T17:48:44.658Z warn: Email not configured. Would have sent to rpc@mmdu.ac.in: [RPMS] Claim RPMS-2026-0083 — Your Approval Processed
2026-08-03T17:48:45.764Z warn: Email not configured. Would have sent to priya.mehta@mmdu.ac.in: [RPMS] Claim RPMS-2026-0084 — Approved by Dr. Amit Verma
2026-08-03T17:48:45.842Z warn: Email not configured. Would have sent to amit.verma@mmdu.ac.in: [RPMS] Claim RPMS-2026-0084 — Your Approval Processed
2026-08-03T17:48:46.723Z warn: Email not configured. Would have sent to priya.mehta@mmdu.ac.in: [RPMS] Claim RPMS-2026-0084 — Approved by RPC Cell Coordinator
2026-08-03T17:48:46.814Z warn: Email not configured. Would have sent to rpc@mmdu.ac.in: [RPMS] Claim RPMS-2026-0084 — Your Approval Processed
2026-08-03T17:48:48.095Z warn: Email not configured. Would have sent to priya.mehta@mmdu.ac.in: [RPMS] Claim RPMS-2026-0085 — Approved by Dr. Amit Verma
2026-08-03T17:48:48.168Z warn: Email not configured. Would have sent to amit.verma@mmdu.ac.in: [RPMS] Claim RPMS-2026-0085 — Your Approval Processed
2026-08-03T17:48:49.085Z warn: Email not configured. Would have sent to priya.mehta@mmdu.ac.in: [RPMS] Claim RPMS-2026-0085 — Approved by RPC Cell Coordinator
2026-08-03T17:48:49.163Z warn: Email not configured. Would have sent to rpc@mmdu.ac.in: [RPMS] Claim RPMS-2026-0085 — Your Approval Processed
2026-08-03T17:48:50.286Z warn: Email not configured. Would have sent to priya.mehta@mmdu.ac.in: [RPMS] Claim RPMS-2026-0086 — Approved by Dr. Amit Verma
2026-08-03T17:48:50.360Z warn: Email not configured. Would have sent to amit.verma@mmdu.ac.in: [RPMS] Claim RPMS-2026-0086 — Your Approval Processed
2026-08-03T17:48:51.193Z warn: Email not configured. Would have sent to priya.mehta@mmdu.ac.in: [RPMS] Claim RPMS-2026-0086 — Approved by RPC Cell Coordinator
2026-08-03T17:48:51.270Z warn: Email not configured. Would have sent to rpc@mmdu.ac.in: [RPMS] Claim RPMS-2026-0086 — Your Approval Processed
2026-08-03T17:48:52.424Z warn: Email not configured. Would have sent to priya.mehta@mmdu.ac.in: [RPMS] Claim RPMS-2026-0087 — Approved by Dr. Amit Verma
2026-08-03T17:48:52.512Z warn: Email not configured. Would have sent to amit.verma@mmdu.ac.in: [RPMS] Claim RPMS-2026-0087 — Your Approval Processed
2026-08-03T17:48:53.444Z warn: Email not configured. Would have sent to priya.mehta@mmdu.ac.in: [RPMS] Claim RPMS-2026-0087 — Approved by RPC Cell Coordinator
2026-08-03T17:48:53.526Z warn: Email not configured. Would have sent to rpc@mmdu.ac.in: [RPMS] Claim RPMS-2026-0087 — Your Approval Processed
2026-08-03T17:48:54.862Z warn: Email not configured. Would have sent to pooja.sharma@mmdu.ac.in: [RPMS] Claim RPMS-2026-0089 — Approved by Dr. Amit Verma
2026-08-03T17:48:54.940Z warn: Email not configured. Would have sent to amit.verma@mmdu.ac.in: [RPMS] Claim RPMS-2026-0089 — Your Approval Processed
2026-08-03T17:48:56.274Z warn: Email not configured. Would have sent to pooja.sharma@mmdu.ac.in: [RPMS] Claim RPMS-2026-0089 — Approved by RPC Cell Coordinator
2026-08-03T17:48:56.357Z warn: Email not configured. Would have sent to rpc@mmdu.ac.in: [RPMS] Claim RPMS-2026-0089 — Your Approval Processed
2026-08-03T17:48:57.584Z warn: Email not configured. Would have sent to pooja.sharma@mmdu.ac.in: [RPMS] Claim RPMS-2026-0090 — Approved by Dr. Amit Verma
2026-08-03T17:48:57.662Z warn: Email not configured. Would have sent to amit.verma@mmdu.ac.in: [RPMS] Claim RPMS-2026-0090 — Your Approval Processed
2026-08-03T17:48:58.595Z warn: Email not configured. Would have sent to pooja.sharma@mmdu.ac.in: [RPMS] Claim RPMS-2026-0090 — Approved by RPC Cell Coordinator
2026-08-03T17:48:58.675Z warn: Email not configured. Would have sent to rpc@mmdu.ac.in: [RPMS] Claim RPMS-2026-0090 — Your Approval Processed
2026-08-03T17:48:59.651Z warn: Email not configured. Would have sent to priya.mehta@mmdu.ac.in: [RPMS] Claim RPMS-2026-0091 — Rejected by Dr. Amit Verma
2026-08-03T17:49:01.057Z warn: Email not configured. Would have sent to priya.mehta@mmdu.ac.in: [RPMS] Claim RPMS-2026-0093 — Returned for Correction
2026-08-03T17:49:02.880Z warn: Email not configured. Would have sent to priya.mehta@mmdu.ac.in: [RPMS] Claim RPMS-2026-0095 — Approved by Dr. Amit Verma
2026-08-03T17:49:02.974Z warn: Email not configured. Would have sent to amit.verma@mmdu.ac.in: [RPMS] Claim RPMS-2026-0095 — Your Approval Processed
2026-08-03T17:49:03.594Z warn: No policy rule found for research_publications/journal/OTHER
2026-08-03T17:49:04.276Z warn: Email not configured. Would have sent to priya.mehta@mmdu.ac.in: [RPMS] Claim RPMS-2026-0095 — Approved by RPC Cell Coordinator
2026-08-03T17:49:04.378Z warn: Email not configured. Would have sent to rpc@mmdu.ac.in: [RPMS] Claim RPMS-2026-0095 — Your Approval Processed
2026-08-03T17:52:26.824Z warn: Email not configured. Would have sent to priya.mehta@mmdu.ac.in: [RPMS] Claim RPMS-2026-0096 — Approved by Dr. Amit Verma
2026-08-03T17:52:26.915Z warn: Email not configured. Would have sent to amit.verma@mmdu.ac.in: [RPMS] Claim RPMS-2026-0096 — Your Approval Processed
2026-08-03T17:52:27.987Z warn: Email not configured. Would have sent to priya.mehta@mmdu.ac.in: [RPMS] Claim RPMS-2026-0096 — Approved by RPC Cell Coordinator
2026-08-03T17:52:28.067Z warn: Email not configured. Would have sent to rpc@mmdu.ac.in: [RPMS] Claim RPMS-2026-0096 — Your Approval Processed
2026-08-03T17:52:29.351Z warn: Email not configured. Would have sent to priya.mehta@mmdu.ac.in: [RPMS] Claim RPMS-2026-0097 — Approved by Dr. Amit Verma
2026-08-03T17:52:29.426Z warn: Email not configured. Would have sent to amit.verma@mmdu.ac.in: [RPMS] Claim RPMS-2026-0097 — Your Approval Processed
2026-08-03T17:52:30.529Z warn: Email not configured. Would have sent to priya.mehta@mmdu.ac.in: [RPMS] Claim RPMS-2026-0097 — Approved by RPC Cell Coordinator
2026-08-03T17:52:30.606Z warn: Email not configured. Would have sent to rpc@mmdu.ac.in: [RPMS] Claim RPMS-2026-0097 — Your Approval Processed
2026-08-03T17:52:31.877Z warn: Email not configured. Would have sent to priya.mehta@mmdu.ac.in: [RPMS] Claim RPMS-2026-0098 — Approved by Dr. Amit Verma
2026-08-03T17:52:31.970Z warn: Email not configured. Would have sent to amit.verma@mmdu.ac.in: [RPMS] Claim RPMS-2026-0098 — Your Approval Processed
2026-08-03T17:52:33.665Z warn: Email not configured. Would have sent to priya.mehta@mmdu.ac.in: [RPMS] Claim RPMS-2026-0098 — Approved by RPC Cell Coordinator
2026-08-03T17:52:33.740Z warn: Email not configured. Would have sent to rpc@mmdu.ac.in: [RPMS] Claim RPMS-2026-0098 — Your Approval Processed
2026-08-03T17:52:37.142Z warn: Email not configured. Would have sent to priya.mehta@mmdu.ac.in: [RPMS] Claim RPMS-2026-0099 — Approved by Dr. Amit Verma
2026-08-03T17:52:37.240Z warn: Email not configured. Would have sent to amit.verma@mmdu.ac.in: [RPMS] Claim RPMS-2026-0099 — Your Approval Processed
2026-08-03T17:52:38.275Z warn: Email not configured. Would have sent to priya.mehta@mmdu.ac.in: [RPMS] Claim RPMS-2026-0099 — Approved by RPC Cell Coordinator
2026-08-03T17:52:38.373Z warn: Email not configured. Would have sent to rpc@mmdu.ac.in: [RPMS] Claim RPMS-2026-0099 — Your Approval Processed
2026-08-03T17:52:39.770Z warn: Email not configured. Would have sent to priya.mehta@mmdu.ac.in: [RPMS] Claim RPMS-2026-0100 — Approved by Dr. Amit Verma
2026-08-03T17:52:39.868Z warn: Email not configured. Would have sent to amit.verma@mmdu.ac.in: [RPMS] Claim RPMS-2026-0100 — Your Approval Processed
2026-08-03T17:52:40.835Z warn: Email not configured. Would have sent to priya.mehta@mmdu.ac.in: [RPMS] Claim RPMS-2026-0100 — Approved by RPC Cell Coordinator
2026-08-03T17:52:40.918Z warn: Email not configured. Would have sent to rpc@mmdu.ac.in: [RPMS] Claim RPMS-2026-0100 — Your Approval Processed
2026-08-03T17:52:42.139Z warn: Email not configured. Would have sent to priya.mehta@mmdu.ac.in: [RPMS] Claim RPMS-2026-0101 — Approved by Dr. Amit Verma
2026-08-03T17:52:42.221Z warn: Email not configured. Would have sent to amit.verma@mmdu.ac.in: [RPMS] Claim RPMS-2026-0101 — Your Approval Processed
2026-08-03T17:52:43.093Z warn: Email not configured. Would have sent to priya.mehta@mmdu.ac.in: [RPMS] Claim RPMS-2026-0101 — Approved by RPC Cell Coordinator
2026-08-03T17:52:43.171Z warn: Email not configured. Would have sent to rpc@mmdu.ac.in: [RPMS] Claim RPMS-2026-0101 — Your Approval Processed
2026-08-03T17:52:44.286Z warn: Email not configured. Would have sent to priya.mehta@mmdu.ac.in: [RPMS] Claim RPMS-2026-0102 — Approved by Dr. Amit Verma
2026-08-03T17:52:44.370Z warn: Email not configured. Would have sent to amit.verma@mmdu.ac.in: [RPMS] Claim RPMS-2026-0102 — Your Approval Processed
2026-08-03T17:52:45.258Z warn: Email not configured. Would have sent to priya.mehta@mmdu.ac.in: [RPMS] Claim RPMS-2026-0102 — Approved by RPC Cell Coordinator
2026-08-03T17:52:45.357Z warn: Email not configured. Would have sent to rpc@mmdu.ac.in: [RPMS] Claim RPMS-2026-0102 — Your Approval Processed
2026-08-03T17:52:46.473Z warn: Email not configured. Would have sent to priya.mehta@mmdu.ac.in: [RPMS] Claim RPMS-2026-0103 — Approved by Dr. Amit Verma
2026-08-03T17:52:46.555Z warn: Email not configured. Would have sent to amit.verma@mmdu.ac.in: [RPMS] Claim RPMS-2026-0103 — Your Approval Processed
2026-08-03T17:52:47.449Z warn: Email not configured. Would have sent to priya.mehta@mmdu.ac.in: [RPMS] Claim RPMS-2026-0103 — Approved by RPC Cell Coordinator
2026-08-03T17:52:47.527Z warn: Email not configured. Would have sent to rpc@mmdu.ac.in: [RPMS] Claim RPMS-2026-0103 — Your Approval Processed
2026-08-03T17:52:48.717Z warn: Email not configured. Would have sent to priya.mehta@mmdu.ac.in: [RPMS] Claim RPMS-2026-0104 — Approved by Dr. Amit Verma
2026-08-03T17:52:48.792Z warn: Email not configured. Would have sent to amit.verma@mmdu.ac.in: [RPMS] Claim RPMS-2026-0104 — Your Approval Processed
2026-08-03T17:52:49.716Z warn: Email not configured. Would have sent to priya.mehta@mmdu.ac.in: [RPMS] Claim RPMS-2026-0104 — Approved by RPC Cell Coordinator
2026-08-03T17:52:49.793Z warn: Email not configured. Would have sent to rpc@mmdu.ac.in: [RPMS] Claim RPMS-2026-0104 — Your Approval Processed
2026-08-03T17:52:50.881Z warn: Email not configured. Would have sent to priya.mehta@mmdu.ac.in: [RPMS] Claim RPMS-2026-0105 — Approved by Dr. Amit Verma
2026-08-03T17:52:50.963Z warn: Email not configured. Would have sent to amit.verma@mmdu.ac.in: [RPMS] Claim RPMS-2026-0105 — Your Approval Processed
2026-08-03T17:52:51.837Z warn: Email not configured. Would have sent to priya.mehta@mmdu.ac.in: [RPMS] Claim RPMS-2026-0105 — Approved by RPC Cell Coordinator
2026-08-03T17:52:51.910Z warn: Email not configured. Would have sent to rpc@mmdu.ac.in: [RPMS] Claim RPMS-2026-0105 — Your Approval Processed
2026-08-03T17:56:06.167Z warn: Email not configured. Would have sent to priya.mehta@mmdu.ac.in: [RPMS] Claim RPMS-2026-0108 — Approved by Dr. Amit Verma
2026-08-03T17:56:06.251Z warn: Email not configured. Would have sent to amit.verma@mmdu.ac.in: [RPMS] Claim RPMS-2026-0108 — Your Approval Processed
2026-08-03T17:56:07.197Z warn: Email not configured. Would have sent to priya.mehta@mmdu.ac.in: [RPMS] Claim RPMS-2026-0108 — Approved by RPC Cell Coordinator
2026-08-03T17:56:07.279Z warn: Email not configured. Would have sent to rpc@mmdu.ac.in: [RPMS] Claim RPMS-2026-0108 — Your Approval Processed
2026-08-03T17:56:08.126Z warn: Email not configured. Would have sent to priya.mehta@mmdu.ac.in: [RPMS] Claim RPMS-2026-0109 — Rejected by Dr. Amit Verma
2026-08-03T18:13:58.086Z warn: Email not configured. Would have sent to priya.mehta@mmdu.ac.in: [RPMS] Claim RPMS-2026-0111 — Approved by Dr. Amit Verma
2026-08-03T18:13:58.170Z warn: Email not configured. Would have sent to amit.verma@mmdu.ac.in: [RPMS] Claim RPMS-2026-0111 — Your Approval Processed
2026-08-03T18:16:09.725Z warn: No policy rule found for research_publications/journal_publication/OTHER
2026-08-03T18:16:10.246Z warn: Email not configured. Would have sent to priya.mehta@mmdu.ac.in: [RPMS] Claim RPMS-2026-0111 — Approved by R&D Cell Coordinator
2026-08-03T18:16:10.332Z warn: Email not configured. Would have sent to rd@mmdu.ac.in: [RPMS] Claim RPMS-2026-0111 — Your Approval Processed
2026-08-03T18:20:31.177Z warn: Email not configured. Would have sent to priya.mehta@mmdu.ac.in: [RPMS] Claim RPMS-2026-0112 — Approved by Dr. Amit Verma
2026-08-03T18:20:31.258Z warn: Email not configured. Would have sent to amit.verma@mmdu.ac.in: [RPMS] Claim RPMS-2026-0112 — Your Approval Processed
2026-08-03T18:20:32.171Z warn: Email not configured. Would have sent to priya.mehta@mmdu.ac.in: [RPMS] Claim RPMS-2026-0112 — Approved by RPC Cell Coordinator
2026-08-03T18:20:32.243Z warn: Email not configured. Would have sent to rpc@mmdu.ac.in: [RPMS] Claim RPMS-2026-0112 — Your Approval Processed
2026-08-03T18:20:33.113Z warn: Email not configured. Would have sent to priya.mehta@mmdu.ac.in: [RPMS] Claim RPMS-2026-0113 — Approved by Dr. Amit Verma
2026-08-03T18:20:33.186Z warn: Email not configured. Would have sent to amit.verma@mmdu.ac.in: [RPMS] Claim RPMS-2026-0113 — Your Approval Processed
2026-08-03T18:20:34.037Z warn: Email not configured. Would have sent to priya.mehta@mmdu.ac.in: [RPMS] Claim RPMS-2026-0113 — Approved by RPC Cell Coordinator
2026-08-03T18:20:34.109Z warn: Email not configured. Would have sent to rpc@mmdu.ac.in: [RPMS] Claim RPMS-2026-0113 — Your Approval Processed
2026-08-03T18:20:34.945Z warn: Email not configured. Would have sent to priya.mehta@mmdu.ac.in: [RPMS] Claim RPMS-2026-0114 — Approved by Dr. Amit Verma
2026-08-03T18:20:35.019Z warn: Email not configured. Would have sent to amit.verma@mmdu.ac.in: [RPMS] Claim RPMS-2026-0114 — Your Approval Processed
2026-08-03T18:20:35.853Z warn: Email not configured. Would have sent to priya.mehta@mmdu.ac.in: [RPMS] Claim RPMS-2026-0114 — Approved by RPC Cell Coordinator
2026-08-03T18:20:35.930Z warn: Email not configured. Would have sent to rpc@mmdu.ac.in: [RPMS] Claim RPMS-2026-0114 — Your Approval Processed
2026-08-03T18:20:36.786Z warn: Email not configured. Would have sent to priya.mehta@mmdu.ac.in: [RPMS] Claim RPMS-2026-0115 — Approved by Dr. Amit Verma
2026-08-03T18:20:36.863Z warn: Email not configured. Would have sent to amit.verma@mmdu.ac.in: [RPMS] Claim RPMS-2026-0115 — Your Approval Processed
2026-08-03T18:20:37.740Z warn: Email not configured. Would have sent to priya.mehta@mmdu.ac.in: [RPMS] Claim RPMS-2026-0115 — Approved by RPC Cell Coordinator
2026-08-03T18:20:37.817Z warn: Email not configured. Would have sent to rpc@mmdu.ac.in: [RPMS] Claim RPMS-2026-0115 — Your Approval Processed
2026-08-03T18:20:38.711Z warn: Email not configured. Would have sent to priya.mehta@mmdu.ac.in: [RPMS] Claim RPMS-2026-0116 — Approved by Dr. Amit Verma
2026-08-03T18:20:38.797Z warn: Email not configured. Would have sent to amit.verma@mmdu.ac.in: [RPMS] Claim RPMS-2026-0116 — Your Approval Processed
2026-08-03T18:20:39.615Z warn: Email not configured. Would have sent to priya.mehta@mmdu.ac.in: [RPMS] Claim RPMS-2026-0116 — Approved by RPC Cell Coordinator
2026-08-03T18:20:39.686Z warn: Email not configured. Would have sent to rpc@mmdu.ac.in: [RPMS] Claim RPMS-2026-0116 — Your Approval Processed
2026-08-03T18:20:40.547Z warn: Email not configured. Would have sent to priya.mehta@mmdu.ac.in: [RPMS] Claim RPMS-2026-0117 — Approved by Dr. Amit Verma
2026-08-03T18:20:40.618Z warn: Email not configured. Would have sent to amit.verma@mmdu.ac.in: [RPMS] Claim RPMS-2026-0117 — Your Approval Processed
2026-08-03T18:20:41.497Z warn: Email not configured. Would have sent to priya.mehta@mmdu.ac.in: [RPMS] Claim RPMS-2026-0117 — Approved by RPC Cell Coordinator
2026-08-03T18:20:41.568Z warn: Email not configured. Would have sent to rpc@mmdu.ac.in: [RPMS] Claim RPMS-2026-0117 — Your Approval Processed
2026-08-03T18:20:42.429Z warn: Email not configured. Would have sent to priya.mehta@mmdu.ac.in: [RPMS] Claim RPMS-2026-0118 — Approved by Dr. Amit Verma
2026-08-03T18:20:42.501Z warn: Email not configured. Would have sent to amit.verma@mmdu.ac.in: [RPMS] Claim RPMS-2026-0118 — Your Approval Processed
2026-08-03T18:20:43.345Z warn: Email not configured. Would have sent to priya.mehta@mmdu.ac.in: [RPMS] Claim RPMS-2026-0118 — Approved by RPC Cell Coordinator
2026-08-03T18:20:43.419Z warn: Email not configured. Would have sent to rpc@mmdu.ac.in: [RPMS] Claim RPMS-2026-0118 — Your Approval Processed
2026-08-03T18:20:44.315Z warn: Email not configured. Would have sent to priya.mehta@mmdu.ac.in: [RPMS] Claim RPMS-2026-0119 — Approved by Dr. Amit Verma
2026-08-03T18:20:44.392Z warn: Email not configured. Would have sent to amit.verma@mmdu.ac.in: [RPMS] Claim RPMS-2026-0119 — Your Approval Processed
2026-08-03T18:20:45.190Z warn: Email not configured. Would have sent to priya.mehta@mmdu.ac.in: [RPMS] Claim RPMS-2026-0119 — Approved by RPC Cell Coordinator
2026-08-03T18:20:45.261Z warn: Email not configured. Would have sent to rpc@mmdu.ac.in: [RPMS] Claim RPMS-2026-0119 — Your Approval Processed
2026-08-03T18:20:46.118Z warn: Email not configured. Would have sent to priya.mehta@mmdu.ac.in: [RPMS] Claim RPMS-2026-0120 — Approved by Dr. Amit Verma
2026-08-03T18:20:46.187Z warn: Email not configured. Would have sent to amit.verma@mmdu.ac.in: [RPMS] Claim RPMS-2026-0120 — Your Approval Processed
2026-08-03T18:20:47.017Z warn: Email not configured. Would have sent to priya.mehta@mmdu.ac.in: [RPMS] Claim RPMS-2026-0120 — Approved by RPC Cell Coordinator
2026-08-03T18:20:47.090Z warn: Email not configured. Would have sent to rpc@mmdu.ac.in: [RPMS] Claim RPMS-2026-0120 — Your Approval Processed
2026-08-03T18:20:47.975Z warn: Email not configured. Would have sent to priya.mehta@mmdu.ac.in: [RPMS] Claim RPMS-2026-0121 — Approved by Dr. Amit Verma
2026-08-03T18:20:48.048Z warn: Email not configured. Would have sent to amit.verma@mmdu.ac.in: [RPMS] Claim RPMS-2026-0121 — Your Approval Processed
2026-08-03T18:20:48.866Z warn: Email not configured. Would have sent to priya.mehta@mmdu.ac.in: [RPMS] Claim RPMS-2026-0121 — Approved by RPC Cell Coordinator
2026-08-03T18:20:48.936Z warn: Email not configured. Would have sent to rpc@mmdu.ac.in: [RPMS] Claim RPMS-2026-0121 — Your Approval Processed
2026-08-03T18:20:49.813Z warn: Email not configured. Would have sent to priya.mehta@mmdu.ac.in: [RPMS] Claim RPMS-2026-0122 — Approved by Dr. Amit Verma
2026-08-03T18:20:49.894Z warn: Email not configured. Would have sent to amit.verma@mmdu.ac.in: [RPMS] Claim RPMS-2026-0122 — Your Approval Processed
2026-08-03T18:20:50.702Z warn: Email not configured. Would have sent to priya.mehta@mmdu.ac.in: [RPMS] Claim RPMS-2026-0122 — Approved by RPC Cell Coordinator
2026-08-03T18:20:50.776Z warn: Email not configured. Would have sent to rpc@mmdu.ac.in: [RPMS] Claim RPMS-2026-0122 — Your Approval Processed
2026-08-03T18:25:35.717Z warn: Email not configured. Would have sent to priya.mehta@mmdu.ac.in: [RPMS] Claim RPMS-2026-0126 — Approved by Dr. Amit Verma
2026-08-03T18:25:35.800Z warn: Email not configured. Would have sent to amit.verma@mmdu.ac.in: [RPMS] Claim RPMS-2026-0126 — Your Approval Processed
2026-08-03T18:25:36.755Z warn: Email not configured. Would have sent to priya.mehta@mmdu.ac.in: [RPMS] Claim RPMS-2026-0126 — Approved by RPC Cell Coordinator
2026-08-03T18:25:36.831Z warn: Email not configured. Would have sent to rpc@mmdu.ac.in: [RPMS] Claim RPMS-2026-0126 — Your Approval Processed
2026-08-04T05:41:51.648Z warn: Email not configured. Would have sent to priya.mehta@mmdu.ac.in: [RPMS] Claim RPMS-2026-0127 — Approved by Dr. Amit Verma
2026-08-04T05:41:51.897Z warn: Email not configured. Would have sent to amit.verma@mmdu.ac.in: [RPMS] Claim RPMS-2026-0127 — Your Approval Processed
2026-08-04T05:44:05.951Z warn: No policy rule found for research_publications/journal_publication/Q1_SCI_SCIE
2026-08-04T05:44:07.152Z warn: Email not configured. Would have sent to priya.mehta@mmdu.ac.in: [RPMS] Claim RPMS-2026-0127 — Approved by R&D Cell Coordinator
2026-08-04T05:44:07.323Z warn: Email not configured. Would have sent to rd@mmdu.ac.in: [RPMS] Claim RPMS-2026-0127 — Your Approval Processed
2026-08-10T12:49:32.816Z warn: Email not configured. Would have sent to priya.mehta@mmdu.ac.in: [RPMS] Claim RPMS-2026-0129 — Approved by Dr. Amit Verma
2026-08-10T12:49:32.889Z warn: Email not configured. Would have sent to amit.verma@mmdu.ac.in: [RPMS] Claim RPMS-2026-0129 — Your Approval Processed
2026-08-10T12:51:57.595Z warn: Email not configured. Would have sent to priya.mehta@mmdu.ac.in: [RPMS] Claim RPMS-2026-0129 — Approved by R&D Cell Coordinator
2026-08-10T12:51:57.666Z warn: Email not configured. Would have sent to rd@mmdu.ac.in: [RPMS] Claim RPMS-2026-0129 — Your Approval Processed
2026-08-10T13:02:23.890Z warn: Email not configured. Would have sent to priya.mehta@mmdu.ac.in: [RPMS] Claim RPMS-2026-0130 — Approved by Dr. Amit Verma
2026-08-10T13:02:23.978Z warn: Email not configured. Would have sent to amit.verma@mmdu.ac.in: [RPMS] Claim RPMS-2026-0130 — Your Approval Processed
2026-08-10T13:02:55.018Z warn: Email not configured. Would have sent to priya.mehta@mmdu.ac.in: [RPMS] Claim RPMS-2026-0130 — Returned for Correction
2026-08-10T13:03:26.299Z warn: Email not configured. Would have sent to priya.mehta@mmdu.ac.in: [RPMS] Claim RPMS-2026-0130 — Approved by Dr. Amit Verma
2026-08-10T13:03:26.368Z warn: Email not configured. Would have sent to amit.verma@mmdu.ac.in: [RPMS] Claim RPMS-2026-0130 — Your Approval Processed
2026-08-10T13:03:43.894Z info: Research score already exists for claim RPMS-2026-0130
2026-08-10T13:03:44.253Z warn: Email not configured. Would have sent to priya.mehta@mmdu.ac.in: [RPMS] Claim RPMS-2026-0130 — Approved by R&D Cell Coordinator
2026-08-10T13:03:44.333Z warn: Email not configured. Would have sent to rd@mmdu.ac.in: [RPMS] Claim RPMS-2026-0130 — Your Approval Processed
2026-08-10T13:09:48.154Z warn: Email not configured. Would have sent to priya.mehta@mmdu.ac.in: [RPMS] Claim RPMS-2026-0131 — Approved by Dr. Amit Verma
2026-08-10T13:09:48.231Z warn: Email not configured. Would have sent to amit.verma@mmdu.ac.in: [RPMS] Claim RPMS-2026-0131 — Your Approval Processed
2026-08-10T13:10:00.805Z warn: Email not configured. Would have sent to priya.mehta@mmdu.ac.in: [RPMS] Claim RPMS-2026-0131 — Approved by R&D Cell Coordinator
2026-08-10T13:10:00.872Z warn: Email not configured. Would have sent to rd@mmdu.ac.in: [RPMS] Claim RPMS-2026-0131 — Your Approval Processed
2026-08-10T13:29:20.165Z warn: Email not configured. Would have sent to priya.mehta@mmdu.ac.in: [RPMS] Claim RPMS-2026-0132 — Approved by Dr. Amit Verma
2026-08-10T13:29:20.233Z warn: Email not configured. Would have sent to amit.verma@mmdu.ac.in: [RPMS] Claim RPMS-2026-0132 — Your Approval Processed
2026-08-10T13:39:16.829Z warn: Email not configured. Would have sent to priya.mehta@mmdu.ac.in: [RPMS] Claim RPMS-2026-0133 — Approved by Dr. Amit Verma
2026-08-10T13:39:16.903Z warn: Email not configured. Would have sent to amit.verma@mmdu.ac.in: [RPMS] Claim RPMS-2026-0133 — Your Approval Processed
2026-08-12T08:14:52.786Z warn: Email not configured. Would have sent to vishal.gupta@mmumullana.org: [RPMS] Claim RPMS-2026-0022 — Approved by HOD
2026-08-12T08:14:52.902Z warn: Email not configured. Would have sent to hod@gmail.com: [RPMS] Claim RPMS-2026-0022 — Your Approval Processed
2026-08-12T08:43:56.342Z error: Error determining effective approver:
2026-08-12T08:43:56.348Z error: Error determining effective approver:
2026-08-12T08:43:56.349Z error: Error determining effective approver:
2026-08-12T08:43:56.358Z error: Error determining effective approver:
2026-08-12T08:47:34.596Z warn: Email not configured. Would have sent to faculty@gmail.com: [RPMS] Claim RPMS-2026-0031 — Approved by Dr. Amit Verma
2026-08-12T08:47:34.678Z warn: Email not configured. Would have sent to amit.verma@mmdu.ac.in: [RPMS] Claim RPMS-2026-0031 — Your Approval Processed
2026-08-12T08:53:14.607Z warn: Email not configured. Would have sent to faculty@gmail.com: [RPMS] Claim RPMS-2026-0031 — Approved by R&D Cell Coordinator
2026-08-12T08:53:14.689Z warn: Email not configured. Would have sent to rd@mmdu.ac.in: [RPMS] Claim RPMS-2026-0031 — Your Approval Processed
2026-08-12T09:10:12.666Z warn: Email not configured. Would have sent to faculty@gmail.com: [RPMS] Claim RPMS-2026-0032 — Approved by Dr. Amit Verma
2026-08-12T09:10:12.750Z warn: Email not configured. Would have sent to amit.verma@mmdu.ac.in: [RPMS] Claim RPMS-2026-0032 — Your Approval Processed
2026-08-12T09:13:02.032Z warn: Email not configured. Would have sent to faculty@gmail.com: [RPMS] Claim RPMS-2026-0032 — Approved by R&D Cell Coordinator
2026-08-12T09:13:02.113Z warn: Email not configured. Would have sent to rd@mmdu.ac.in: [RPMS] Claim RPMS-2026-0032 — Your Approval Processed
2026-08-14T05:41:20.762Z warn: Email not configured. Would have sent to faculty@gmail.com: [RPMS] Claim Publication/MMDU/34 — Approved by HOD
2026-08-14T05:41:20.850Z warn: Email not configured. Would have sent to hod@gmail.com: [RPMS] Claim Publication/MMDU/34 — Your Approval Processed
2026-08-14T05:44:38.954Z warn: Email not configured. Would have sent to faculty@gmail.com: [RPMS] Claim Publication/MMDU/34 — Approved by R&D Cell Coordinator
2026-08-14T05:44:39.028Z warn: Email not configured. Would have sent to rd@mmdu.ac.in: [RPMS] Claim Publication/MMDU/34 — Your Approval Processed
2026-08-14T05:44:56.033Z warn: Email not configured. Would have sent to faculty@gmail.com: [RPMS] Claim Publication/MMDU/34 — Approved by R&D Cell Coordinator
2026-08-14T05:44:56.112Z warn: Email not configured. Would have sent to rd@mmdu.ac.in: [RPMS] Claim Publication/MMDU/34 — Your Approval Processed
2026-08-14T05:48:39.260Z warn: Email not configured. Would have sent to faculty@gmail.com: [RPMS] Claim RPMS-2026-0032 — Approved by R&D Cell Coordinator
2026-08-14T05:48:39.352Z warn: Email not configured. Would have sent to rd@mmdu.ac.in: [RPMS] Claim RPMS-2026-0032 — Your Approval Processed
2026-08-14T05:48:43.669Z warn: Email not configured. Would have sent to faculty@gmail.com: [RPMS] Claim RPMS-2026-0031 — Approved by R&D Cell Coordinator
2026-08-14T05:48:43.747Z warn: Email not configured. Would have sent to rd@mmdu.ac.in: [RPMS] Claim RPMS-2026-0031 — Your Approval Processed
